// Jest Snapshot v1, https://goo.gl/fbAQLP

exports[`Detail Page Default should render the component 1`] = `
<article
  class="p-3"
>
  <div
    class="flex justify-center items-center"
  >
    <img
      class="w-auto h-64"
      src="charmander_image"
    />
  </div>
   
  <div
    class="flex justify-center text-xl"
  >
    <p>
      Charmander
    </p>
  </div>
</article>
`;

exports[`Detail Page Wrong route should render the component 1`] = `
<div>
  NO EXISTE
</div>
`;
