// Jest Snapshot v1, https://goo.gl/fbAQLP

exports[`List Page Default should render the component 1`] = `
<div
  class="flex flex-wrap m-4 justify-center"
>
  <router-link-stub
    to="[object Object]"
  >
    <article
      class="p-3 border border-blue-200 hover:border-blue-800"
    >
      <div
        class="flex justify-center items-center w-32 h-32"
      >
        <img
          class="w-auto h-24"
          src="https://img.pokemondb.net/artwork/charmander.jpg"
        />
      </div>
       
      <div
        class="flex justify-center"
      >
        Charmander
      </div>
    </article>
  </router-link-stub>
  <router-link-stub
    to="[object Object]"
  >
    <article
      class="p-3 border border-blue-200 hover:border-blue-800"
    >
      <div
        class="flex justify-center items-center w-32 h-32"
      >
        <img
          class="w-auto h-24"
          src="https://img.pokemondb.net/artwork/charmeleon.jpg"
        />
      </div>
       
      <div
        class="flex justify-center"
      >
        Charmeleon
      </div>
    </article>
  </router-link-stub>
  <router-link-stub
    to="[object Object]"
  >
    <article
      class="p-3 border border-blue-200 hover:border-blue-800"
    >
      <div
        class="flex justify-center items-center w-32 h-32"
      >
        <img
          class="w-auto h-24"
          src="https://img.pokemondb.net/artwork/charizard.jpg"
        />
      </div>
       
      <div
        class="flex justify-center"
      >
        Charizard
      </div>
    </article>
  </router-link-stub>
</div>
`;
