// Jest Snapshot v1, https://goo.gl/fbAQLP

exports[`List Page Default should render the component 1`] = `
<div
  class="flex flex-wrap m-4"
>
  <article
    class="p-3 border border-blue-200"
  >
    <div
      class="flex justify-center items-center w-32 h-32"
    >
      <img
        class="w-auto h-24"
        src="https://img.pokemondb.net/artwork/charmander.jpg"
      />
    </div>
     
    <div
      class="flex justify-center"
    >
      <router-link-stub
        to="[object Object]"
      >
        Charmander
      </router-link-stub>
    </div>
  </article>
  <article
    class="p-3 border border-blue-200"
  >
    <div
      class="flex justify-center items-center w-32 h-32"
    >
      <img
        class="w-auto h-24"
        src="https://img.pokemondb.net/artwork/charmeleon.jpg"
      />
    </div>
     
    <div
      class="flex justify-center"
    >
      <router-link-stub
        to="[object Object]"
      >
        Charmeleon
      </router-link-stub>
    </div>
  </article>
  <article
    class="p-3 border border-blue-200"
  >
    <div
      class="flex justify-center items-center w-32 h-32"
    >
      <img
        class="w-auto h-24"
        src="https://img.pokemondb.net/artwork/charizard.jpg"
      />
    </div>
     
    <div
      class="flex justify-center"
    >
      <router-link-stub
        to="[object Object]"
      >
        Charizard
      </router-link-stub>
    </div>
  </article>
</div>
`;
